------------------------------------------------------------
Timing Analyzer Summary
------------------------------------------------------------

Type  : Slow 1100mV 85C Model Setup 'clk'
Slack : -1.811
TNS   : -35.975

Type  : Slow 1100mV 85C Model Hold 'clk'
Slack : 0.423
TNS   : 0.000

Type  : Slow 1100mV 85C Model Minimum Pulse Width 'clk'
Slack : -0.538
TNS   : -19.554

Type  : Slow 1100mV 0C Model Setup 'clk'
Slack : -2.008
TNS   : -40.000

Type  : Slow 1100mV 0C Model Hold 'clk'
Slack : 0.434
TNS   : 0.000

Type  : Slow 1100mV 0C Model Minimum Pulse Width 'clk'
Slack : -0.538
TNS   : -19.969

Type  : Fast 1100mV 85C Model Setup 'clk'
Slack : -0.286
TNS   : -2.988

Type  : Fast 1100mV 85C Model Hold 'clk'
Slack : 0.199
TNS   : 0.000

Type  : Fast 1100mV 85C Model Minimum Pulse Width 'clk'
Slack : -0.097
TNS   : -2.386

Type  : Fast 1100mV 0C Model Setup 'clk'
Slack : -0.270
TNS   : -2.723

Type  : Fast 1100mV 0C Model Hold 'clk'
Slack : 0.185
TNS   : 0.000

Type  : Fast 1100mV 0C Model Minimum Pulse Width 'clk'
Slack : -0.097
TNS   : -2.391

------------------------------------------------------------
