------------------------------------------------------------
Timing Analyzer Summary
------------------------------------------------------------

Type  : Slow 1100mV 85C Model Setup 'clk'
Slack : 0.148
TNS   : 0.000

Type  : Slow 1100mV 85C Model Hold 'clk'
Slack : 0.259
TNS   : 0.000

Type  : Slow 1100mV 85C Model Minimum Pulse Width 'clk'
Slack : -0.538
TNS   : -5.650

Type  : Slow 1100mV 0C Model Setup 'clk'
Slack : 0.155
TNS   : 0.000

Type  : Slow 1100mV 0C Model Hold 'clk'
Slack : 0.242
TNS   : 0.000

Type  : Slow 1100mV 0C Model Minimum Pulse Width 'clk'
Slack : -0.538
TNS   : -5.593

Type  : Fast 1100mV 85C Model Setup 'clk'
Slack : 0.555
TNS   : 0.000

Type  : Fast 1100mV 85C Model Hold 'clk'
Slack : 0.130
TNS   : 0.000

Type  : Fast 1100mV 85C Model Minimum Pulse Width 'clk'
Slack : -0.267
TNS   : -1.908

Type  : Fast 1100mV 0C Model Setup 'clk'
Slack : 0.574
TNS   : 0.000

Type  : Fast 1100mV 0C Model Hold 'clk'
Slack : 0.116
TNS   : 0.000

Type  : Fast 1100mV 0C Model Minimum Pulse Width 'clk'
Slack : -0.262
TNS   : -1.880

------------------------------------------------------------
