------------------------------------------------------------
Timing Analyzer Summary
------------------------------------------------------------

Type  : Slow 1100mV 85C Model Setup 'clk'
Slack : 0.147
TNS   : 0.000

Type  : Slow 1100mV 85C Model Hold 'clk'
Slack : 0.258
TNS   : 0.000

Type  : Slow 1100mV 85C Model Minimum Pulse Width 'clk'
Slack : -0.538
TNS   : -6.442

Type  : Slow 1100mV 0C Model Setup 'clk'
Slack : 0.154
TNS   : 0.000

Type  : Slow 1100mV 0C Model Hold 'clk'
Slack : 0.241
TNS   : 0.000

Type  : Slow 1100mV 0C Model Minimum Pulse Width 'clk'
Slack : -0.538
TNS   : -5.796

Type  : Fast 1100mV 85C Model Setup 'clk'
Slack : 0.554
TNS   : 0.000

Type  : Fast 1100mV 85C Model Hold 'clk'
Slack : 0.129
TNS   : 0.000

Type  : Fast 1100mV 85C Model Minimum Pulse Width 'clk'
Slack : -0.362
TNS   : -2.859

Type  : Fast 1100mV 0C Model Setup 'clk'
Slack : 0.574
TNS   : 0.000

Type  : Fast 1100mV 0C Model Hold 'clk'
Slack : 0.116
TNS   : 0.000

Type  : Fast 1100mV 0C Model Minimum Pulse Width 'clk'
Slack : -0.325
TNS   : -2.447

------------------------------------------------------------
